register commands/hook
[[0,0.0,0.0],true]
table_create Entries TABLE_HASH_KEY ShortText
[[0,0.0,0.0],true]
column_create Entries title COLUMN_SCALAR ShortText
[[0,0.0,0.0],true]
table_create Tokens TABLE_PAT_KEY ShortText --default_tokenizer TokenBigram
[[0,0.0,0.0],true]
column_create Tokens entries_title COLUMN_INDEX|WITH_POSITION Entries title
[[0,0.0,0.0],true]
example_hook_add_value --table Entries --column title --value "hogehoge"
[[0,0.0,0.0],[1]]
example_hook_get_value --table Entries --column title
[[0,0.0,0.0],["hogehoge"]]
example_hook_delete_value --table Entries --column title
[[0,0.0,0.0],[0]]
